npm error Missing script: "typecheck"
npm error
npm error To see a list of scripts, run:
npm error   npm run
npm error A complete log of this run can be found in: /home/montrey/.npm/_logs/2026-03-08T09_44_05_985Z-debug-0.log
